
> frontend@0.1.0 build
> next build

   Γû▓ Next.js 15.5.9

   Creating an optimized production build ...
node.exe : Failed to 
compile.
At line:1 char:1
+ & "C:\Program Files
\nodejs/node.exe" 
"C:\Program 
Files\nodejs/node_mo 
...
+ ~~~~~~~~~~~~~~~~~~~
~~~~~~~~~~~~~~~~~~~~~
~~~~~~~~~~~~~~~~~~~~~
~~~~~~~~
    + CategoryInfo   
           : NotSpe  
  cified: (Failed    
 to compile.:Stri    
ng) [], RemoteEx    
ception
    + FullyQualified 
   ErrorId : Native  
  CommandError
 

./src/app/book/page.t
sx
Error:   [31mx[0m 
You're importing a 
component that needs 
`useState`. This 
React Hook only 
works in a Client 
Component. To fix, 
mark the file (or 
its parent) with the 
`"use client"` 
directive.
  [31m|[0m
  [31m|[0m  Learn 
more: https://nextjs.
org/docs/app/api-refe
rence/directives/use-
client
  [31m|[0m

   ,-[[36;1;4mC:\Use
rs\USER\OneDrive\Docu
ments\PROJECTS\PIZZY 
INC\CULIXUR\Team 
Operations\Chief 
Technology 
Officer\Source Code\C
ulixur\frontend\src\a
pp\book\page.tsx[0m:
1:1]
 [2m1[0m | import 
{ useState, 
useEffect } from 
'react';
   : [35;1m         
^^^^^^^^[0m
 [2m2[0m | import 
{ motion, 
AnimatePresence } 
from 'framer-motion';
 [2m3[0m | import {
 [2m3[0m |     
ChefHat,
   `----
  [31mx[0m You're 
importing a 
component that needs 
`useEffect`. This 
React Hook only 
works in a Client 
Component. To fix, 
mark the file (or 
its parent) with the 
`"use client"` 
directive.
  [31m|[0m
  [31m|[0m  Learn 
more: https://nextjs.
org/docs/app/api-refe
rence/directives/use-
client
  [31m|[0m

   ,-[[36;1;4mC:\Use
rs\USER\OneDrive\Docu
ments\PROJECTS\PIZZY 
INC\CULIXUR\Team 
Operations\Chief 
Technology 
Officer\Source Code\C
ulixur\frontend\src\a
pp\book\page.tsx[0m:
1:1]
 [2m1[0m | import 
{ useState, 
useEffect } from 
'react';
   : [35;1m         
          
^^^^^^^^^[0m
 [2m2[0m | import 
{ motion, 
AnimatePresence } 
from 'framer-motion';
 [2m3[0m | import {
 [2m3[0m |     
ChefHat,
   `----

Import trace for 
requested module:
./src/app/book/page.t
sx

./src/app/dashboard/p
age.tsx
Error:   [31mx[0m 
You're importing a 
component that needs 
`useState`. This 
React Hook only 
works in a Client 
Component. To fix, 
mark the file (or 
its parent) with the 
`"use client"` 
directive.
  [31m|[0m
  [31m|[0m  Learn 
more: https://nextjs.
org/docs/app/api-refe
rence/directives/use-
client
  [31m|[0m

   ,-[[36;1;4mC:\Use
rs\USER\OneDrive\Docu
ments\PROJECTS\PIZZY 
INC\CULIXUR\Team 
Operations\Chief 
Technology 
Officer\Source Code\C
ulixur\frontend\src\a
pp\dashboard\page.tsx
[0m:1:1]
 [2m1[0m | import 
{ useState, 
useEffect } from 
'react';
   : [35;1m         
^^^^^^^^[0m
 [2m2[0m | import 
Link from 
'next/link';
 [2m3[0m | import 
Image from 
'next/image';
 [2m3[0m | import 
{ motion, 
AnimatePresence } 
from 'framer-motion';
   `----
  [31mx[0m You're 
importing a 
component that needs 
`useEffect`. This 
React Hook only 
works in a Client 
Component. To fix, 
mark the file (or 
its parent) with the 
`"use client"` 
directive.
  [31m|[0m
  [31m|[0m  Learn 
more: https://nextjs.
org/docs/app/api-refe
rence/directives/use-
client
  [31m|[0m

   ,-[[36;1;4mC:\Use
rs\USER\OneDrive\Docu
ments\PROJECTS\PIZZY 
INC\CULIXUR\Team 
Operations\Chief 
Technology 
Officer\Source Code\C
ulixur\frontend\src\a
pp\dashboard\page.tsx
[0m:1:1]
 [2m1[0m | import 
{ useState, 
useEffect } from 
'react';
   : [35;1m         
          
^^^^^^^^^[0m
 [2m2[0m | import 
Link from 
'next/link';
 [2m3[0m | import 
Image from 
'next/image';
 [2m3[0m | import 
{ motion, 
AnimatePresence } 
from 'framer-motion';
   `----

Import trace for 
requested module:
./src/app/dashboard/p
age.tsx


> Build failed 
because of webpack 
errors
